// Jest Snapshot v1, https://goo.gl/fbAQLP

exports[`should render expense list with empty message 1`] = `
<div>
  <h2>
    Noe expenses
  </h2>
  <h1>
    Expense List
  </h1>
</div>
`;

exports[`should render expenselist 1`] = `
<div>
  <ExpenseListItem
    amount={1200}
    createdAt={0}
    description="aubameyang"
    id="1"
    key="1"
    note="kelvin onkundi"
  />
  <ExpenseListItem
    amount={1095}
    createdAt={-345600000}
    description="good and good stuff"
    id="2"
    key="2"
    note="Gum"
  />
  <ExpenseListItem
    amount={1021}
    createdAt={345600000}
    description="Rent"
    id="3"
    key="3"
    note="credit card"
  />
  <h1>
    Expense List
  </h1>
</div>
`;
